../Core/Src/main.c:88:6:HAL_TIM_PeriodElapsedCallback	16	static
../Core/Src/main.c:128:5:main	224	static
../Core/Src/main.c:358:6:SystemClock_Config	88	static
../Core/Src/main.c:405:13:MX_TIM3_Init	64	static
../Core/Src/main.c:468:13:MX_TIM4_Init	56	static
../Core/Src/main.c:517:13:MX_TIM6_Init	16	static
../Core/Src/main.c:555:13:MX_TIM7_Init	16	static
../Core/Src/main.c:593:13:MX_GPIO_Init	48	static
../Core/Src/main.c:648:6:Motor_Stop	8	static
../Core/Src/main.c:660:6:Motor_Forward	16	static
../Core/Src/main.c:670:6:Motor_Reverse	16	static
../Core/Src/main.c:681:6:Motor_Brake	8	static
../Core/Src/main.c:698:6:Error_Handler	4	static,ignoring_inline_asm
