../Core/Src/main.c:101:6:HAL_TIM_PeriodElapsedCallback	16	static
../Core/Src/main.c:179:5:main	248	static
../Core/Src/main.c:464:6:SystemClock_Config	88	static
../Core/Src/main.c:511:13:MX_TIM3_Init	64	static
../Core/Src/main.c:574:13:MX_TIM4_Init	56	static
../Core/Src/main.c:623:13:MX_TIM6_Init	16	static
../Core/Src/main.c:661:13:MX_TIM7_Init	16	static
../Core/Src/main.c:699:13:MX_GPIO_Init	48	static
../Core/Src/main.c:754:6:Motor_Stop	8	static
../Core/Src/main.c:766:6:Motor_Forward	16	static
../Core/Src/main.c:776:6:Motor_Reverse	16	static
../Core/Src/main.c:787:6:Motor_Brake	8	static
../Core/Src/main.c:804:6:Error_Handler	4	static,ignoring_inline_asm
